// Jest Snapshot v1, https://goo.gl/fbAQLP

exports[`<WeatherList/> should match snapshot 1`] = `
<div
  className="row"
  style={
    Object {
      "marginLeft": 0,
      "marginRight": 0,
    }
  }
>
  <div
    className="col-sm-6 col-sm-offset-3 col-xs-12 col-xs-offset-0"
  >
    <ul
      className="weather-list"
    >
      <li
        className="weather-item"
      >
        <div
          className="row"
        >
          <div
            className="col-xs-6"
          >
            <span
              className="glyphicon glyphicon-map-marker"
              style={
                Object {
                  "color": "grey",
                  "marginRight": 5,
                }
              }
            />
            Odessa
          </div>
          <div
            className="col-xs-3"
          >
            not available
          </div>
          <div
            className="col-xs-3"
          >
            <span
              className="pull-right glyphicon glyphicon-remove"
              onClick={[Function]}
              style={
                Object {
                  "color": "grey",
                  "marginRight": 10,
                }
              }
              title="Remove Location"
            />
          </div>
        </div>
      </li>
      <li
        className="weather-item"
      >
        <div
          className="row"
        >
          <div
            className="col-xs-6"
          >
            <span
              className="glyphicon glyphicon-map-marker"
              style={
                Object {
                  "color": "grey",
                  "marginRight": 5,
                }
              }
            />
            New York
          </div>
          <div
            className="col-xs-3"
          >
            not available
          </div>
          <div
            className="col-xs-3"
          >
            <span
              className="pull-right glyphicon glyphicon-remove"
              onClick={[Function]}
              style={
                Object {
                  "color": "grey",
                  "marginRight": 10,
                }
              }
              title="Remove Location"
            />
          </div>
        </div>
      </li>
    </ul>
    <div
      className="btn-toolbar"
      role="toolbar"
      style={
        Object {
          "marginTop": 10,
        }
      }
    >
      <div
        className="dropdown disabled btn-group"
      >
        <button
          aria-expanded={false}
          aria-haspopup={true}
          className="dropdown-toggle btn btn-default"
          disabled={true}
          id="add-location"
          onClick={[Function]}
          onKeyDown={[Function]}
          role="button"
          type="button"
        >
          Add Location
           
          <span
            className="caret"
          />
        </button>
        <ul
          aria-labelledby="add-location"
          className="dropdown-menu"
          role="menu"
        />
      </div>
    </div>
  </div>
</div>
`;
