// Jest Snapshot v1, https://goo.gl/fbAQLP

exports[`<WeatherList/> should render WeatherList 1`] = `
<div
  className="todo"
>
  <div
    className="row"
  >
    <div
      className="col-xs-3"
    />
    <div
      className="col-xs-6"
    >
      <ul
        className="todo__list"
      >
        <li
          className="todo__item"
        >
          <div
            className="row"
          >
            <div
              className="col-xs-6"
            >
              Odessa
            </div>
            <div
              className="col-xs-3"
            >
              not available
            </div>
            <div
              className="col-xs-3"
            >
              <span
                className="pull-right glyphicon glyphicon-remove"
                onClick={[Function]}
                style={
                  Object {
                    "marginRight": 10,
                  }
                }
                title="Remove Location"
              />
            </div>
          </div>
        </li>
        <li
          className="todo__item"
        >
          <div
            className="row"
          >
            <div
              className="col-xs-6"
            >
              New York
            </div>
            <div
              className="col-xs-3"
            >
              not available
            </div>
            <div
              className="col-xs-3"
            >
              <span
                className="pull-right glyphicon glyphicon-remove"
                onClick={[Function]}
                style={
                  Object {
                    "marginRight": 10,
                  }
                }
                title="Remove Location"
              />
            </div>
          </div>
        </li>
      </ul>
      <div
        className="btn-toolbar"
        role="toolbar"
        style={
          Object {
            "marginTop": 10,
          }
        }
      >
        <div
          className="dropdown disabled btn-group"
        >
          <button
            aria-expanded={false}
            aria-haspopup={true}
            className="dropdown-toggle btn btn-default"
            disabled={true}
            id="add-location"
            onClick={[Function]}
            onKeyDown={[Function]}
            role="button"
            type="button"
          >
            Add Location
             
            <span
              className="caret"
            />
          </button>
          <ul
            aria-labelledby="add-location"
            className="dropdown-menu"
            role="menu"
          />
        </div>
      </div>
    </div>
    <div
      className="col-xs-3"
    />
  </div>
</div>
`;
